obj: 9.8990e+00
x=9.90
y=0.00
z=0.10
obj: 9.0000e+00
x=9.00
y=0.00
z=0.11
