Optimal objective: 1.2129e-08
Optimal objective: -1.5908e+00
