x = 0.874711, u = 2.398182
y = 2.724000, v = 1.650454
Vio = 0
x = 0.874711, u = 2.398182
y = 2.724000, v = 1.650454
Vio = 0
x = 0.879271, u = 2.409143
y = 2.714940, v = 1.647707
Vio = 0
