selected elements in best solution:
	El1 El2 El3 El4 El5 El6 El7 El8 El9 El10 El11 El16 
number of solutions found: 3
objective values for first 3 solutions:
	Set 0:      9      9     10
	Set 1:      6      7      5
	Set 2:      5      7      4
	Set 3:      7      6      4
