IsMIP: 0
x 0.69
y 0.725
z 0.62
Obj: -1.93462

IsMIP: 1
x 0
y 1
z 0.666667
Obj: -3.77773

