Selected elements in best solution:
	El0 El1 El8 
Number of solutions found: 21
Values: 65 65 64 63 63 63 63 62 62 60 60 60 60 60 60 60 60 59 59 59 59
Selected elements in fourth best solution:
	El1 El2 El3 El8 
