obj: 2.1111e+00
x=0.0000
y=1.0000
z=0.6667
obj: 3.0000e+00
x=0.0000
y=1.0000
z=1.0000
