Optimal objective: -3.0000e+00
x=0.0000
y=1.0000
z=2.0000
