
Optimization complete
Optimal objective: 0.0000e+00

