The model is infeasible; relaxing the constraints

Slack values:
ArtP_Thu4 = 2.000000
ArtP_Sat6 = 2.000000
ArtP_Sun7 = 1.000000
ArtP_Fri12 = 1.000000
