
Total slack required: 4.000000
Amy worked 7.000000 shifts
Bob worked 7.000000 shifts
Cathy worked 7.000000 shifts
Dan worked 6.000000 shifts
Ed worked 6.000000 shifts
Fred worked 7.000000 shifts
Gu worked 7.000000 shifts
Tobi worked 7.000000 shifts

