
Total slack required: 6.000000
Amy worked 10.000000 shifts
Bob worked 4.000000 shifts
Cathy worked 8.000000 shifts
Dan worked 5.000000 shifts
Ed worked 7.000000 shifts
Fred worked 7.000000 shifts
Gu worked 11.000000 shifts

Total slack required: 6.000000
Amy worked 7.000000 shifts
Bob worked 7.000000 shifts
Cathy worked 8.000000 shifts
Dan worked 7.000000 shifts
Ed worked 8.000000 shifts
Fred worked 8.000000 shifts
Gu worked 7.000000 shifts

