Cost: 11.828861

Buy:
hamburger 0.604514
milk 6.970139
ice cream 2.591319

Nutrition:
calories 1800.000000
protein 91.000000
fat 59.055903
sodium 1779.000000
no solution
