model infeasible; computing IIS
following constraint(s) cannot be satisfied:
Thu4
